// Jest Snapshot v1, https://goo.gl/fbAQLP

exports[`Page1 renders correctly 1`] = `
<div>
  <h1>
    Page 1
  </h1>
  <div>
    <p>
      Some page one content here.
    </p>
  </div>
</div>
`;
